[32m[Nest] 31004  - [39m2026/04/30 22:07:28 [32m    LOG[39m [38;5;3m[NestFactory] [39m[32mStarting Nest application...[39m
[32m[Nest] 31004  - [39m2026/04/30 22:07:28 [32m    LOG[39m [38;5;3m[InstanceLoader] [39m[32mTypeOrmModule dependencies initialized[39m[38;5;3m +19ms[39m
[32m[Nest] 31004  - [39m2026/04/30 22:07:28 [32m    LOG[39m [38;5;3m[InstanceLoader] [39m[32mQrCodeModule dependencies initialized[39m[38;5;3m +0ms[39m
[32m[Nest] 31004  - [39m2026/04/30 22:07:28 [32m    LOG[39m [38;5;3m[InstanceLoader] [39m[32mPassportModule dependencies initialized[39m[38;5;3m +0ms[39m
[32m[Nest] 31004  - [39m2026/04/30 22:07:28 [32m    LOG[39m [38;5;3m[InstanceLoader] [39m[32mConfigHostModule dependencies initialized[39m[38;5;3m +1ms[39m
[32m[Nest] 31004  - [39m2026/04/30 22:07:28 [32m    LOG[39m [38;5;3m[InstanceLoader] [39m[32mAppModule dependencies initialized[39m[38;5;3m +0ms[39m
[32m[Nest] 31004  - [39m2026/04/30 22:07:28 [32m    LOG[39m [38;5;3m[InstanceLoader] [39m[32mDiscoveryModule dependencies initialized[39m[38;5;3m +0ms[39m
[32m[Nest] 31004  - [39m2026/04/30 22:07:28 [32m    LOG[39m [38;5;3m[InstanceLoader] [39m[32mConfigModule dependencies initialized[39m[38;5;3m +0ms[39m
[32m[Nest] 31004  - [39m2026/04/30 22:07:28 [32m    LOG[39m [38;5;3m[InstanceLoader] [39m[32mConfigModule dependencies initialized[39m[38;5;3m +1ms[39m
Using DB config from ConfigService: {
  host: '127.0.0.1',
  port: '3306',
  username: 'root',
  password: '12***',
  database: 'pickpass_db_flow',
  synchronize: true
}
[32m[Nest] 31004  - [39m2026/04/30 22:07:28 [32m    LOG[39m [38;5;3m[InstanceLoader] [39m[32mScheduleModule dependencies initialized[39m[38;5;3m +1ms[39m
[32m[Nest] 31004  - [39m2026/04/30 22:07:28 [32m    LOG[39m [38;5;3m[InstanceLoader] [39m[32mJwtModule dependencies initialized[39m[38;5;3m +65ms[39m
[32m[Nest] 31004  - [39m2026/04/30 22:07:28 [32m    LOG[39m [38;5;3m[InstanceLoader] [39m[32mTypeOrmCoreModule dependencies initialized[39m[38;5;3m +149ms[39m
[32m[Nest] 31004  - [39m2026/04/30 22:07:28 [32m    LOG[39m [38;5;3m[InstanceLoader] [39m[32mTypeOrmModule dependencies initialized[39m[38;5;3m +2ms[39m
[32m[Nest] 31004  - [39m2026/04/30 22:07:28 [32m    LOG[39m [38;5;3m[InstanceLoader] [39m[32mTypeOrmModule dependencies initialized[39m[38;5;3m +0ms[39m
[32m[Nest] 31004  - [39m2026/04/30 22:07:28 [32m    LOG[39m [38;5;3m[InstanceLoader] [39m[32mTypeOrmModule dependencies initialized[39m[38;5;3m +0ms[39m
[32m[Nest] 31004  - [39m2026/04/30 22:07:28 [32m    LOG[39m [38;5;3m[InstanceLoader] [39m[32mTypeOrmModule dependencies initialized[39m[38;5;3m +0ms[39m
[32m[Nest] 31004  - [39m2026/04/30 22:07:28 [32m    LOG[39m [38;5;3m[InstanceLoader] [39m[32mTypeOrmModule dependencies initialized[39m[38;5;3m +0ms[39m
[32m[Nest] 31004  - [39m2026/04/30 22:07:28 [32m    LOG[39m [38;5;3m[InstanceLoader] [39m[32mTypeOrmModule dependencies initialized[39m[38;5;3m +0ms[39m
[32m[Nest] 31004  - [39m2026/04/30 22:07:28 [32m    LOG[39m [38;5;3m[InstanceLoader] [39m[32mTypeOrmModule dependencies initialized[39m[38;5;3m +0ms[39m
[32m[Nest] 31004  - [39m2026/04/30 22:07:28 [32m    LOG[39m [38;5;3m[InstanceLoader] [39m[32mAuthModule dependencies initialized[39m[38;5;3m +3ms[39m
[32m[Nest] 31004  - [39m2026/04/30 22:07:28 [32m    LOG[39m [38;5;3m[InstanceLoader] [39m[32mCommonModule dependencies initialized[39m[38;5;3m +1ms[39m
[32m[Nest] 31004  - [39m2026/04/30 22:07:28 [32m    LOG[39m [38;5;3m[InstanceLoader] [39m[32mRecommendationModule dependencies initialized[39m[38;5;3m +0ms[39m
[32m[Nest] 31004  - [39m2026/04/30 22:07:28 [32m    LOG[39m [38;5;3m[InstanceLoader] [39m[32mDashboardModule dependencies initialized[39m[38;5;3m +0ms[39m
[32m[Nest] 31004  - [39m2026/04/30 22:07:28 [32m    LOG[39m [38;5;3m[InstanceLoader] [39m[32mAttendanceModule dependencies initialized[39m[38;5;3m +1ms[39m
[32m[Nest] 31004  - [39m2026/04/30 22:07:28 [32m    LOG[39m [38;5;3m[InstanceLoader] [39m[32mUserModule dependencies initialized[39m[38;5;3m +0ms[39m
[32m[Nest] 31004  - [39m2026/04/30 22:07:28 [32m    LOG[39m [38;5;3m[InstanceLoader] [39m[32mBaseModule dependencies initialized[39m[38;5;3m +0ms[39m
[32m[Nest] 31004  - [39m2026/04/30 22:07:28 [32m    LOG[39m [38;5;3m[InstanceLoader] [39m[32mSalaryModule dependencies initialized[39m[38;5;3m +0ms[39m
[32m[Nest] 31004  - [39m2026/04/30 22:07:28 [32m    LOG[39m [38;5;3m[RoutesResolver] [39m[32mAppController {/api}:[39m[38;5;3m +27ms[39m
[32m[Nest] 31004  - [39m2026/04/30 22:07:28 [32m    LOG[39m [38;5;3m[RouterExplorer] [39m[32mMapped {/api, GET} route[39m[38;5;3m +3ms[39m
[32m[Nest] 31004  - [39m2026/04/30 22:07:28 [32m    LOG[39m [38;5;3m[RoutesResolver] [39m[32mOperationLogController {/api/operation-log}:[39m[38;5;3m +0ms[39m
[32m[Nest] 31004  - [39m2026/04/30 22:07:28 [32m    LOG[39m [38;5;3m[RouterExplorer] [39m[32mMapped {/api/operation-log/list, GET} route[39m[38;5;3m +1ms[39m
[32m[Nest] 31004  - [39m2026/04/30 22:07:28 [32m    LOG[39m [38;5;3m[RouterExplorer] [39m[32mMapped {/api/operation-log/stats, GET} route[39m[38;5;3m +1ms[39m
[32m[Nest] 31004  - [39m2026/04/30 22:07:28 [32m    LOG[39m [38;5;3m[RoutesResolver] [39m[32mUserController {/api/user}:[39m[38;5;3m +0ms[39m
[32m[Nest] 31004  - [39m2026/04/30 22:07:28 [32m    LOG[39m [38;5;3m[RouterExplorer] [39m[32mMapped {/api/user/register, POST} route[39m[38;5;3m +0ms[39m
[32m[Nest] 31004  - [39m2026/04/30 22:07:28 [32m    LOG[39m [38;5;3m[RouterExplorer] [39m[32mMapped {/api/user/register/boss, POST} route[39m[38;5;3m +0ms[39m
[32m[Nest] 31004  - [39m2026/04/30 22:07:28 [32m    LOG[39m [38;5;3m[RouterExplorer] [39m[32mMapped {/api/user/register/ocr, POST} route[39m[38;5;3m +1ms[39m
[32m[Nest] 31004  - [39m2026/04/30 22:07:28 [32m    LOG[39m [38;5;3m[RouterExplorer] [39m[32mMapped {/api/user/register/complete, POST} route[39m[38;5;3m +0ms[39m
[32m[Nest] 31004  - [39m2026/04/30 22:07:28 [32m    LOG[39m [38;5;3m[RouterExplorer] [39m[32mMapped {/api/user/register/proxy, POST} route[39m[38;5;3m +0ms[39m
[32m[Nest] 31004  - [39m2026/04/30 22:07:28 [32m    LOG[39m [38;5;3m[RouterExplorer] [39m[32mMapped {/api/user/proxy-registration/:id/resubmit, PATCH} route[39m[38;5;3m +1ms[39m
[32m[Nest] 31004  - [39m2026/04/30 22:07:28 [32m    LOG[39m [38;5;3m[RouterExplorer] [39m[32mMapped {/api/user/admin, POST} route[39m[38;5;3m +0ms[39m
[32m[Nest] 31004  - [39m2026/04/30 22:07:28 [32m    LOG[39m [38;5;3m[RouterExplorer] [39m[32mMapped {/api/user/admin/super-admin, POST} route[39m[38;5;3m +1ms[39m
[32m[Nest] 31004  - [39m2026/04/30 22:07:28 [32m    LOG[39m [38;5;3m[RouterExplorer] [39m[32mMapped {/api/user/list, GET} route[39m[38;5;3m +0ms[39m
[32m[Nest] 31004  - [39m2026/04/30 22:07:28 [32m    LOG[39m [38;5;3m[RouterExplorer] [39m[32mMapped {/api/user/stats, GET} route[39m[38;5;3m +0ms[39m
[32m[Nest] 31004  - [39m2026/04/30 22:07:28 [32m    LOG[39m [38;5;3m[RouterExplorer] [39m[32mMapped {/api/user/profile, GET} route[39m[38;5;3m +0ms[39m
[32m[Nest] 31004  - [39m2026/04/30 22:07:28 [32m    LOG[39m [38;5;3m[RouterExplorer] [39m[32mMapped {/api/user/profile, PATCH} route[39m[38;5;3m +1ms[39m
[32m[Nest] 31004  - [39m2026/04/30 22:07:28 [32m    LOG[39m [38;5;3m[RouterExplorer] [39m[32mMapped {/api/user/profile/bank-card/challenge, POST} route[39m[38;5;3m +0ms[39m
[32m[Nest] 31004  - [39m2026/04/30 22:07:28 [32m    LOG[39m [38;5;3m[RouterExplorer] [39m[32mMapped {/api/user/:id/audit, PATCH} route[39m[38;5;3m +0ms[39m
[32m[Nest] 31004  - [39m2026/04/30 22:07:28 [32m    LOG[39m [38;5;3m[RouterExplorer] [39m[32mMapped {/api/user/proxy-registration/list, GET} route[39m[38;5;3m +1ms[39m
[32m[Nest] 31004  - [39m2026/04/30 22:07:28 [32m    LOG[39m [38;5;3m[RouterExplorer] [39m[32mMapped {/api/user/proxy-registration/:id/review, PATCH} route[39m[38;5;3m +0ms[39m
[32m[Nest] 31004  - [39m2026/04/30 22:07:28 [32m    LOG[39m [38;5;3m[RouterExplorer] [39m[32mMapped {/api/user/proxy-registration/:id/takeover, POST} route[39m[38;5;3m +0ms[39m
[32m[Nest] 31004  - [39m2026/04/30 22:07:28 [32m    LOG[39m [38;5;3m[RouterExplorer] [39m[32mMapped {/api/user/:id, DELETE} route[39m[38;5;3m +0ms[39m
[32m[Nest] 31004  - [39m2026/04/30 22:07:28 [32m    LOG[39m [38;5;3m[RoutesResolver] [39m[32mBaseController {/api/base}:[39m[38;5;3m +1ms[39m
[32m[Nest] 31004  - [39m2026/04/30 22:07:28 [32m    LOG[39m [38;5;3m[RouterExplorer] [39m[32mMapped {/api/base, POST} route[39m[38;5;3m +0ms[39m
[32m[Nest] 31004  - [39m2026/04/30 22:07:28 [32m    LOG[39m [38;5;3m[RouterExplorer] [39m[32mMapped {/api/base, GET} route[39m[38;5;3m +0ms[39m
[32m[Nest] 31004  - [39m2026/04/30 22:07:28 [32m    LOG[39m [38;5;3m[RouterExplorer] [39m[32mMapped {/api/base/managed, GET} route[39m[38;5;3m +0ms[39m
[32m[Nest] 31004  - [39m2026/04/30 22:07:28 [32m    LOG[39m [38;5;3m[RouterExplorer] [39m[32mMapped {/api/base/upload/image, POST} route[39m[38;5;3m +1ms[39m
[32m[Nest] 31004  - [39m2026/04/30 22:07:28 [32m    LOG[39m [38;5;3m[RouterExplorer] [39m[32mMapped {/api/base/applications/me, GET} route[39m[38;5;3m +0ms[39m
[32m[Nest] 31004  - [39m2026/04/30 22:07:28 [32m    LOG[39m [38;5;3m[RouterExplorer] [39m[32mMapped {/api/base/jobs/expiring, GET} route[39m[38;5;3m +0ms[39m
[32m[Nest] 31004  - [39m2026/04/30 22:07:28 [32m    LOG[39m [38;5;3m[RouterExplorer] [39m[32mMapped {/api/base/jobs/deactivate-expired, POST} route[39m[38;5;3m +1ms[39m
[32m[Nest] 31004  - [39m2026/04/30 22:07:28 [32m    LOG[39m [38;5;3m[RouterExplorer] [39m[32mMapped {/api/base/:id, GET} route[39m[38;5;3m +0ms[39m
[32m[Nest] 31004  - [39m2026/04/30 22:07:28 [32m    LOG[39m [38;5;3m[RouterExplorer] [39m[32mMapped {/api/base/:id, PATCH} route[39m[38;5;3m +0ms[39m
[32m[Nest] 31004  - [39m2026/04/30 22:07:28 [32m    LOG[39m [38;5;3m[RouterExplorer] [39m[32mMapped {/api/base/:id, DELETE} route[39m[38;5;3m +0ms[39m
[32m[Nest] 31004  - [39m2026/04/30 22:07:28 [32m    LOG[39m [38;5;3m[RouterExplorer] [39m[32mMapped {/api/base/:id/audit, PATCH} route[39m[38;5;3m +1ms[39m
[32m[Nest] 31004  - [39m2026/04/30 22:07:28 [32m    LOG[39m [38;5;3m[RouterExplorer] [39m[32mMapped {/api/base/:id/owner, PATCH} route[39m[38;5;3m +0ms[39m
[32m[Nest] 31004  - [39m2026/04/30 22:07:28 [32m    LOG[39m [38;5;3m[RouterExplorer] [39m[32mMapped {/api/base/:id/supervisors, GET} route[39m[38;5;3m +0ms[39m
[32m[Nest] 31004  - [39m2026/04/30 22:07:28 [32m    LOG[39m [38;5;3m[RouterExplorer] [39m[32mMapped {/api/base/:id/supervisors, PATCH} route[39m[38;5;3m +1ms[39m
[32m[Nest] 31004  - [39m2026/04/30 22:07:28 [32m    LOG[39m [38;5;3m[RouterExplorer] [39m[32mMapped {/api/base/:id/jobs, POST} route[39m[38;5;3m +0ms[39m
[32m[Nest] 31004  - [39m2026/04/30 22:07:28 [32m    LOG[39m [38;5;3m[RouterExplorer] [39m[32mMapped {/api/base/:id/jobs, GET} route[39m[38;5;3m +0ms[39m
[32m[Nest] 31004  - [39m2026/04/30 22:07:28 [32m    LOG[39m [38;5;3m[RouterExplorer] [39m[32mMapped {/api/base/jobs/:jobId, GET} route[39m[38;5;3m +0ms[39m
[32m[Nest] 31004  - [39m2026/04/30 22:07:28 [32m    LOG[39m [38;5;3m[RouterExplorer] [39m[32mMapped {/api/base/jobs/:jobId/status, PATCH} route[39m[38;5;3m +0ms[39m
[32m[Nest] 31004  - [39m2026/04/30 22:07:28 [32m    LOG[39m [38;5;3m[RouterExplorer] [39m[32mMapped {/api/base/jobs/:jobId/renew, PATCH} route[39m[38;5;3m +0ms[39m
[32m[Nest] 31004  - [39m2026/04/30 22:07:28 [32m    LOG[39m [38;5;3m[RouterExplorer] [39m[32mMapped {/api/base/jobs/:jobId/review, PATCH} route[39m[38;5;3m +1ms[39m
[32m[Nest] 31004  - [39m2026/04/30 22:07:28 [32m    LOG[39m [38;5;3m[RouterExplorer] [39m[32mMapped {/api/base/:id/statistics, GET} route[39m[38;5;3m +0ms[39m
[32m[Nest] 31004  - [39m2026/04/30 22:07:28 [32m    LOG[39m [38;5;3m[RouterExplorer] [39m[32mMapped {/api/base/check-name/:name, GET} route[39m[38;5;3m +0ms[39m
[32m[Nest] 31004  - [39m2026/04/30 22:07:28 [32m    LOG[39m [38;5;3m[RouterExplorer] [39m[32mMapped {/api/base/jobs/:jobId/apply, POST} route[39m[38;5;3m +1ms[39m
[32m[Nest] 31004  - [39m2026/04/30 22:07:28 [32m    LOG[39m [38;5;3m[RouterExplorer] [39m[32mMapped {/api/base/jobs/:jobId/applications, GET} route[39m[38;5;3m +0ms[39m
[32m[Nest] 31004  - [39m2026/04/30 22:07:28 [32m    LOG[39m [38;5;3m[RouterExplorer] [39m[32mMapped {/api/base/:id/applications, GET} route[39m[38;5;3m +0ms[39m
[32m[Nest] 31004  - [39m2026/04/30 22:07:28 [32m    LOG[39m [38;5;3m[RouterExplorer] [39m[32mMapped {/api/base/:id/workers/:userId/end-work, PATCH} route[39m[38;5;3m +0ms[39m
[32m[Nest] 31004  - [39m2026/04/30 22:07:28 [32m    LOG[39m [38;5;3m[RouterExplorer] [39m[32mMapped {/api/base/:id/workers/end-work-all, PATCH} route[39m[38;5;3m +1ms[39m
[32m[Nest] 31004  - [39m2026/04/30 22:07:28 [32m    LOG[39m [38;5;3m[RouterExplorer] [39m[32mMapped {/api/base/applications/:applicationId/review, PATCH} route[39m[38;5;3m +0ms[39m
[32m[Nest] 31004  - [39m2026/04/30 22:07:28 [32m    LOG[39m [38;5;3m[RouterExplorer] [39m[32mMapped {/api/base/cooperation, POST} route[39m[38;5;3m +0ms[39m
[32m[Nest] 31004  - [39m2026/04/30 22:07:28 [32m    LOG[39m [38;5;3m[RouterExplorer] [39m[32mMapped {/api/base/cooperation/:cooperationId/review, PATCH} route[39m[38;5;3m +0ms[39m
[32m[Nest] 31004  - [39m2026/04/30 22:07:28 [32m    LOG[39m [38;5;3m[RouterExplorer] [39m[32mMapped {/api/base/:id/cooperations, GET} route[39m[38;5;3m +0ms[39m
[32m[Nest] 31004  - [39m2026/04/30 22:07:28 [32m    LOG[39m [38;5;3m[RoutesResolver] [39m[32mAttendanceController {/api/attendance}:[39m[38;5;3m +1ms[39m
[32m[Nest] 31004  - [39m2026/04/30 22:07:28 [32m    LOG[39m [38;5;3m[RouterExplorer] [39m[32mMapped {/api/attendance/signup, POST} route[39m[38;5;3m +0ms[39m
[32m[Nest] 31004  - [39m2026/04/30 22:07:28 [32m    LOG[39m [38;5;3m[RouterExplorer] [39m[32mMapped {/api/attendance/signup/cancel, POST} route[39m[38;5;3m +0ms[39m
[32m[Nest] 31004  - [39m2026/04/30 22:07:28 [32m    LOG[39m [38;5;3m[RouterExplorer] [39m[32mMapped {/api/attendance/qrcode, GET} route[39m[38;5;3m +0ms[39m
[32m[Nest] 31004  - [39m2026/04/30 22:07:28 [32m    LOG[39m [38;5;3m[RouterExplorer] [39m[32mMapped {/api/attendance/checkin, POST} route[39m[38;5;3m +1ms[39m
[32m[Nest] 31004  - [39m2026/04/30 22:07:28 [32m    LOG[39m [38;5;3m[RouterExplorer] [39m[32mMapped {/api/attendance/sync, POST} route[39m[38;5;3m +0ms[39m
[32m[Nest] 31004  - [39m2026/04/30 22:07:28 [32m    LOG[39m [38;5;3m[RouterExplorer] [39m[32mMapped {/api/attendance/offline-events, POST} route[39m[38;5;3m +0ms[39m
[32m[Nest] 31004  - [39m2026/04/30 22:07:28 [32m    LOG[39m [38;5;3m[RouterExplorer] [39m[32mMapped {/api/attendance/offline-events, GET} route[39m[38;5;3m +0ms[39m
[32m[Nest] 31004  - [39m2026/04/30 22:07:28 [32m    LOG[39m [38;5;3m[RouterExplorer] [39m[32mMapped {/api/attendance/offline-events/stats, GET} route[39m[38;5;3m +1ms[39m
[32m[Nest] 31004  - [39m2026/04/30 22:07:28 [32m    LOG[39m [38;5;3m[RouterExplorer] [39m[32mMapped {/api/attendance/offline-events/evidence, POST} route[39m[38;5;3m +0ms[39m
[32m[Nest] 31004  - [39m2026/04/30 22:07:28 [32m    LOG[39m [38;5;3m[RouterExplorer] [39m[32mMapped {/api/attendance/offline-events/:id/review, PATCH} route[39m[38;5;3m +0ms[39m
[32m[Nest] 31004  - [39m2026/04/30 22:07:28 [32m    LOG[39m [38;5;3m[RouterExplorer] [39m[32mMapped {/api/attendance/worker/records, GET} route[39m[38;5;3m +0ms[39m
[32m[Nest] 31004  - [39m2026/04/30 22:07:28 [32m    LOG[39m [38;5;3m[RouterExplorer] [39m[32mMapped {/api/attendance/records, GET} route[39m[38;5;3m +0ms[39m
[32m[Nest] 31004  - [39m2026/04/30 22:07:28 [32m    LOG[39m [38;5;3m[RouterExplorer] [39m[32mMapped {/api/attendance/stats, GET} route[39m[38;5;3m +0ms[39m
[32m[Nest] 31004  - [39m2026/04/30 22:07:28 [32m    LOG[39m [38;5;3m[RouterExplorer] [39m[32mMapped {/api/attendance/bases, GET} route[39m[38;5;3m +1ms[39m
[32m[Nest] 31004  - [39m2026/04/30 22:07:28 [32m    LOG[39m [38;5;3m[RouterExplorer] [39m[32mMapped {/api/attendance/export/records, GET} route[39m[38;5;3m +0ms[39m
[32m[Nest] 31004  - [39m2026/04/30 22:07:28 [32m    LOG[39m [38;5;3m[RouterExplorer] [39m[32mMapped {/api/attendance/export/base-stats, GET} route[39m[38;5;3m +0ms[39m
[32m[Nest] 31004  - [39m2026/04/30 22:07:28 [32m    LOG[39m [38;5;3m[RoutesResolver] [39m[32mSalaryController {/api/salary}:[39m[38;5;3m +1ms[39m
[32m[Nest] 31004  - [39m2026/04/30 22:07:28 [32m    LOG[39m [38;5;3m[RouterExplorer] [39m[32mMapped {/api/salary/list, GET} route[39m[38;5;3m +0ms[39m
[32m[Nest] 31004  - [39m2026/04/30 22:07:28 [32m    LOG[39m [38;5;3m[RouterExplorer] [39m[32mMapped {/api/salary/stats, GET} route[39m[38;5;3m +0ms[39m
[32m[Nest] 31004  - [39m2026/04/30 22:07:28 [32m    LOG[39m [38;5;3m[RouterExplorer] [39m[32mMapped {/api/salary/worker/stats, GET} route[39m[38;5;3m +0ms[39m
[32m[Nest] 31004  - [39m2026/04/30 22:07:28 [32m    LOG[39m [38;5;3m[RouterExplorer] [39m[32mMapped {/api/salary/worker/pending, GET} route[39m[38;5;3m +1ms[39m
[32m[Nest] 31004  - [39m2026/04/30 22:07:28 [32m    LOG[39m [38;5;3m[RouterExplorer] [39m[32mMapped {/api/salary/worker/paid, GET} route[39m[38;5;3m +0ms[39m
[32m[Nest] 31004  - [39m2026/04/30 22:07:28 [32m    LOG[39m [38;5;3m[RouterExplorer] [39m[32mMapped {/api/salary/worker/:salaryId/confirm, POST} route[39m[38;5;3m +0ms[39m
[32m[Nest] 31004  - [39m2026/04/30 22:07:28 [32m    LOG[39m [38;5;3m[RouterExplorer] [39m[32mMapped {/api/salary/worker/:salaryId/appeal, POST} route[39m[38;5;3m +0ms[39m
[32m[Nest] 31004  - [39m2026/04/30 22:07:28 [32m    LOG[39m [38;5;3m[RouterExplorer] [39m[32mMapped {/api/salary/calculate/:signupId, POST} route[39m[38;5;3m +0ms[39m
[32m[Nest] 31004  - [39m2026/04/30 22:07:28 [32m    LOG[39m [38;5;3m[RouterExplorer] [39m[32mMapped {/api/salary/:salaryId/appeal, PATCH} route[39m[38;5;3m +1ms[39m
[32m[Nest] 31004  - [39m2026/04/30 22:07:28 [32m    LOG[39m [38;5;3m[RouterExplorer] [39m[32mMapped {/api/salary/:salaryId/payment, POST} route[39m[38;5;3m +0ms[39m
[32m[Nest] 31004  - [39m2026/04/30 22:07:28 [32m    LOG[39m [38;5;3m[RouterExplorer] [39m[32mMapped {/api/salary/:salaryId/settle, POST} route[39m[38;5;3m +0ms[39m
[32m[Nest] 31004  - [39m2026/04/30 22:07:28 [32m    LOG[39m [38;5;3m[RouterExplorer] [39m[32mMapped {/api/salary/payment/:id/confirm, PATCH} route[39m[38;5;3m +1ms[39m
[32m[Nest] 31004  - [39m2026/04/30 22:07:28 [32m    LOG[39m [38;5;3m[RouterExplorer] [39m[32mMapped {/api/salary/payment/:id/complete, PATCH} route[39m[38;5;3m +0ms[39m
[32m[Nest] 31004  - [39m2026/04/30 22:07:28 [32m    LOG[39m [38;5;3m[RouterExplorer] [39m[32mMapped {/api/salary/reports/submit, POST} route[39m[38;5;3m +0ms[39m
[32m[Nest] 31004  - [39m2026/04/30 22:07:28 [32m    LOG[39m [38;5;3m[RouterExplorer] [39m[32mMapped {/api/salary/reports/submitted, GET} route[39m[38;5;3m +0ms[39m
[32m[Nest] 31004  - [39m2026/04/30 22:07:28 [32m    LOG[39m [38;5;3m[RouterExplorer] [39m[32mMapped {/api/salary/reports/:reportId, GET} route[39m[38;5;3m +1ms[39m
[32m[Nest] 31004  - [39m2026/04/30 22:07:28 [32m    LOG[39m [38;5;3m[RouterExplorer] [39m[32mMapped {/api/salary/reports/:reportId/export, GET} route[39m[38;5;3m +0ms[39m
[32m[Nest] 31004  - [39m2026/04/30 22:07:28 [32m    LOG[39m [38;5;3m[RouterExplorer] [39m[32mMapped {/api/salary/export/report, GET} route[39m[38;5;3m +0ms[39m
[32m[Nest] 31004  - [39m2026/04/30 22:07:28 [32m    LOG[39m [38;5;3m[RouterExplorer] [39m[32mMapped {/api/salary/:salaryId/payments, GET} route[39m[38;5;3m +1ms[39m
[32m[Nest] 31004  - [39m2026/04/30 22:07:28 [32m    LOG[39m [38;5;3m[RoutesResolver] [39m[32mRecommendationController {/api/recommendation}:[39m[38;5;3m +0ms[39m
[32m[Nest] 31004  - [39m2026/04/30 22:07:28 [32m    LOG[39m [38;5;3m[RouterExplorer] [39m[32mMapped {/api/recommendation/bases, GET} route[39m[38;5;3m +0ms[39m
[32m[Nest] 31004  - [39m2026/04/30 22:07:28 [32m    LOG[39m [38;5;3m[RoutesResolver] [39m[32mAuthController {/api/auth}:[39m[38;5;3m +0ms[39m
[32m[Nest] 31004  - [39m2026/04/30 22:07:28 [32m    LOG[39m [38;5;3m[RouterExplorer] [39m[32mMapped {/api/auth/login, POST} route[39m[38;5;3m +0ms[39m
[32m[Nest] 31004  - [39m2026/04/30 22:07:28 [32m    LOG[39m [38;5;3m[RoutesResolver] [39m[32mDashboardController {/api/dashboard}:[39m[38;5;3m +1ms[39m
[32m[Nest] 31004  - [39m2026/04/30 22:07:28 [32m    LOG[39m [38;5;3m[RouterExplorer] [39m[32mMapped {/api/dashboard/stats, GET} route[39m[38;5;3m +0ms[39m
[32m[Nest] 31004  - [39m2026/04/30 22:07:28 [32m    LOG[39m [38;5;3m[RouterExplorer] [39m[32mMapped {/api/dashboard/trend, GET} route[39m[38;5;3m +0ms[39m
[32m[Nest] 31004  - [39m2026/04/30 22:07:28 [32m    LOG[39m [38;5;3m[RouterExplorer] [39m[32mMapped {/api/dashboard/category, GET} route[39m[38;5;3m +0ms[39m
[32m[Nest] 31004  - [39m2026/04/30 22:07:28 [32m    LOG[39m [38;5;3m[RouterExplorer] [39m[32mMapped {/api/dashboard/recent-bases, GET} route[39m[38;5;3m +1ms[39m
[32m[Nest] 31004  - [39m2026/04/30 22:07:28 [32m    LOG[39m [38;5;3m[BaseSeedService] [39m[32mTest base ready: 内蒙捡土豆(id=2)[39m
[32m[Nest] 31004  - [39m2026/04/30 22:07:28 [32m    LOG[39m [38;5;3m[BaseSeedService] [39m[32mRecruitment seed skipped: demo data already exists.[39m
[32m[Nest] 31004  - [39m2026/04/30 22:07:28 [32m    LOG[39m [38;5;3m[NestApplication] [39m[32mNest application successfully started[39m[38;5;3m +0ms[39m
Backend service started: http://localhost:3001/api
Swagger docs: http://localhost:3001/docs
[Auth] 正在验证用户: 1366083768
[UserService] 查询手机号: 1366083768, phoneHash: 761512d8e1fba2c7...
[UserService] 找到用户: UMOLK6RJIB6FF (?????083768)
[Auth] 数据库中的身份证(已自动解密): 110101199005050837
[Auth] 用户输入的后6位: 050837
[Auth] ✅ 登录验证成功！
[32m[Nest] 31004  - [39m2026/04/30 22:08:03 [32m    LOG[39m [38;5;3m[BaseService] [39m[32m[鏌ヨ鍩哄湴宀椾綅] baseId=1, query={}[39m
[32m[Nest] 31004  - [39m2026/04/30 22:08:03 [32m    LOG[39m [38;5;3m[BaseService] [39m[32m[List base jobs] result count: 2[39m
[32m[Nest] 31004  - [39m2026/04/30 22:08:03 [32m    LOG[39m [38;5;3m[SmsService] [39m[32m[短信模拟] 发送报名确认短信到 1366083768[39m
[32m[Nest] 31004  - [39m2026/04/30 22:08:03 [32m    LOG[39m [38;5;3m[SmsService] [39m[32m内容: 您已成功报名演示苹果基地的2026-04-30工作，签到二维码：v2:dffe1af0fa30409b33cb1ed2622e5bcd:613918b83f72a2857f32612c1ca3042542ed870ad87246ee346791f3b2511903[39m
