[31m[Nest] 49884  - [39m2026/04/30 21:28:10 [31m  ERROR[39m [38;5;3m[TypeOrmModule] [39m[31mUnable to connect to the database. Retrying (1)...[39m
Error: Access denied for user 'root'@'124.115.173.163' (using password: YES)
    at Packet.asError (D:\university\npu\智汇就业\智汇就业_校赛提交材料_答辩顺序第11\提交文档\素材与源码\appv2\apps\backend\node_modules\mysql2\lib\packets\packet.js:740:17)
    at ClientHandshake.execute (D:\university\npu\智汇就业\智汇就业_校赛提交材料_答辩顺序第11\提交文档\素材与源码\appv2\apps\backend\node_modules\mysql2\lib\commands\command.js:29:26)
    at PoolConnection.handlePacket (D:\university\npu\智汇就业\智汇就业_校赛提交材料_答辩顺序第11\提交文档\素材与源码\appv2\apps\backend\node_modules\mysql2\lib\base\connection.js:477:34)
    at PacketParser.onPacket (D:\university\npu\智汇就业\智汇就业_校赛提交材料_答辩顺序第11\提交文档\素材与源码\appv2\apps\backend\node_modules\mysql2\lib\base\connection.js:93:12)
    at PacketParser.executeStart (D:\university\npu\智汇就业\智汇就业_校赛提交材料_答辩顺序第11\提交文档\素材与源码\appv2\apps\backend\node_modules\mysql2\lib\packet_parser.js:75:16)
    at Socket.<anonymous> (D:\university\npu\智汇就业\智汇就业_校赛提交材料_答辩顺序第11\提交文档\素材与源码\appv2\apps\backend\node_modules\mysql2\lib\base\connection.js:100:25)
    at Socket.emit (node:events:508:28)
    at addChunk (node:internal/streams/readable:559:12)
    at readableAddChunkPushByteMode (node:internal/streams/readable:510:3)
    at Readable.push (node:internal/streams/readable:390:5)
[31m[Nest] 49884  - [39m2026/04/30 21:28:14 [31m  ERROR[39m [38;5;3m[TypeOrmModule] [39m[31mUnable to connect to the database. Retrying (2)...[39m
Error: Access denied for user 'root'@'124.115.173.163' (using password: YES)
    at Packet.asError (D:\university\npu\智汇就业\智汇就业_校赛提交材料_答辩顺序第11\提交文档\素材与源码\appv2\apps\backend\node_modules\mysql2\lib\packets\packet.js:740:17)
    at ClientHandshake.execute (D:\university\npu\智汇就业\智汇就业_校赛提交材料_答辩顺序第11\提交文档\素材与源码\appv2\apps\backend\node_modules\mysql2\lib\commands\command.js:29:26)
    at PoolConnection.handlePacket (D:\university\npu\智汇就业\智汇就业_校赛提交材料_答辩顺序第11\提交文档\素材与源码\appv2\apps\backend\node_modules\mysql2\lib\base\connection.js:477:34)
    at PacketParser.onPacket (D:\university\npu\智汇就业\智汇就业_校赛提交材料_答辩顺序第11\提交文档\素材与源码\appv2\apps\backend\node_modules\mysql2\lib\base\connection.js:93:12)
    at PacketParser.executeStart (D:\university\npu\智汇就业\智汇就业_校赛提交材料_答辩顺序第11\提交文档\素材与源码\appv2\apps\backend\node_modules\mysql2\lib\packet_parser.js:75:16)
    at Socket.<anonymous> (D:\university\npu\智汇就业\智汇就业_校赛提交材料_答辩顺序第11\提交文档\素材与源码\appv2\apps\backend\node_modules\mysql2\lib\base\connection.js:100:25)
    at Socket.emit (node:events:508:28)
    at addChunk (node:internal/streams/readable:559:12)
    at readableAddChunkPushByteMode (node:internal/streams/readable:510:3)
    at Readable.push (node:internal/streams/readable:390:5)
[31m[Nest] 49884  - [39m2026/04/30 21:28:17 [31m  ERROR[39m [38;5;3m[TypeOrmModule] [39m[31mUnable to connect to the database. Retrying (3)...[39m
Error: Access denied for user 'root'@'124.115.173.163' (using password: YES)
    at Packet.asError (D:\university\npu\智汇就业\智汇就业_校赛提交材料_答辩顺序第11\提交文档\素材与源码\appv2\apps\backend\node_modules\mysql2\lib\packets\packet.js:740:17)
    at ClientHandshake.execute (D:\university\npu\智汇就业\智汇就业_校赛提交材料_答辩顺序第11\提交文档\素材与源码\appv2\apps\backend\node_modules\mysql2\lib\commands\command.js:29:26)
    at PoolConnection.handlePacket (D:\university\npu\智汇就业\智汇就业_校赛提交材料_答辩顺序第11\提交文档\素材与源码\appv2\apps\backend\node_modules\mysql2\lib\base\connection.js:477:34)
    at PacketParser.onPacket (D:\university\npu\智汇就业\智汇就业_校赛提交材料_答辩顺序第11\提交文档\素材与源码\appv2\apps\backend\node_modules\mysql2\lib\base\connection.js:93:12)
    at PacketParser.executeStart (D:\university\npu\智汇就业\智汇就业_校赛提交材料_答辩顺序第11\提交文档\素材与源码\appv2\apps\backend\node_modules\mysql2\lib\packet_parser.js:75:16)
    at Socket.<anonymous> (D:\university\npu\智汇就业\智汇就业_校赛提交材料_答辩顺序第11\提交文档\素材与源码\appv2\apps\backend\node_modules\mysql2\lib\base\connection.js:100:25)
    at Socket.emit (node:events:508:28)
    at addChunk (node:internal/streams/readable:559:12)
    at readableAddChunkPushByteMode (node:internal/streams/readable:510:3)
    at Readable.push (node:internal/streams/readable:390:5)
[31m[Nest] 49884  - [39m2026/04/30 21:28:20 [31m  ERROR[39m [38;5;3m[TypeOrmModule] [39m[31mUnable to connect to the database. Retrying (4)...[39m
Error: Access denied for user 'root'@'124.115.173.163' (using password: YES)
    at Packet.asError (D:\university\npu\智汇就业\智汇就业_校赛提交材料_答辩顺序第11\提交文档\素材与源码\appv2\apps\backend\node_modules\mysql2\lib\packets\packet.js:740:17)
    at ClientHandshake.execute (D:\university\npu\智汇就业\智汇就业_校赛提交材料_答辩顺序第11\提交文档\素材与源码\appv2\apps\backend\node_modules\mysql2\lib\commands\command.js:29:26)
    at PoolConnection.handlePacket (D:\university\npu\智汇就业\智汇就业_校赛提交材料_答辩顺序第11\提交文档\素材与源码\appv2\apps\backend\node_modules\mysql2\lib\base\connection.js:477:34)
    at PacketParser.onPacket (D:\university\npu\智汇就业\智汇就业_校赛提交材料_答辩顺序第11\提交文档\素材与源码\appv2\apps\backend\node_modules\mysql2\lib\base\connection.js:93:12)
    at PacketParser.executeStart (D:\university\npu\智汇就业\智汇就业_校赛提交材料_答辩顺序第11\提交文档\素材与源码\appv2\apps\backend\node_modules\mysql2\lib\packet_parser.js:75:16)
    at Socket.<anonymous> (D:\university\npu\智汇就业\智汇就业_校赛提交材料_答辩顺序第11\提交文档\素材与源码\appv2\apps\backend\node_modules\mysql2\lib\base\connection.js:100:25)
    at Socket.emit (node:events:508:28)
    at addChunk (node:internal/streams/readable:559:12)
    at readableAddChunkPushByteMode (node:internal/streams/readable:510:3)
    at Readable.push (node:internal/streams/readable:390:5)
[31m[Nest] 49884  - [39m2026/04/30 21:28:23 [31m  ERROR[39m [38;5;3m[TypeOrmModule] [39m[31mUnable to connect to the database. Retrying (5)...[39m
Error: Access denied for user 'root'@'124.115.173.163' (using password: YES)
    at Packet.asError (D:\university\npu\智汇就业\智汇就业_校赛提交材料_答辩顺序第11\提交文档\素材与源码\appv2\apps\backend\node_modules\mysql2\lib\packets\packet.js:740:17)
    at ClientHandshake.execute (D:\university\npu\智汇就业\智汇就业_校赛提交材料_答辩顺序第11\提交文档\素材与源码\appv2\apps\backend\node_modules\mysql2\lib\commands\command.js:29:26)
    at PoolConnection.handlePacket (D:\university\npu\智汇就业\智汇就业_校赛提交材料_答辩顺序第11\提交文档\素材与源码\appv2\apps\backend\node_modules\mysql2\lib\base\connection.js:477:34)
    at PacketParser.onPacket (D:\university\npu\智汇就业\智汇就业_校赛提交材料_答辩顺序第11\提交文档\素材与源码\appv2\apps\backend\node_modules\mysql2\lib\base\connection.js:93:12)
    at PacketParser.executeStart (D:\university\npu\智汇就业\智汇就业_校赛提交材料_答辩顺序第11\提交文档\素材与源码\appv2\apps\backend\node_modules\mysql2\lib\packet_parser.js:75:16)
    at Socket.<anonymous> (D:\university\npu\智汇就业\智汇就业_校赛提交材料_答辩顺序第11\提交文档\素材与源码\appv2\apps\backend\node_modules\mysql2\lib\base\connection.js:100:25)
    at Socket.emit (node:events:508:28)
    at addChunk (node:internal/streams/readable:559:12)
    at readableAddChunkPushByteMode (node:internal/streams/readable:510:3)
    at Readable.push (node:internal/streams/readable:390:5)
[31m[Nest] 49884  - [39m2026/04/30 21:28:26 [31m  ERROR[39m [38;5;3m[TypeOrmModule] [39m[31mUnable to connect to the database. Retrying (6)...[39m
Error: Access denied for user 'root'@'124.115.173.163' (using password: YES)
    at Packet.asError (D:\university\npu\智汇就业\智汇就业_校赛提交材料_答辩顺序第11\提交文档\素材与源码\appv2\apps\backend\node_modules\mysql2\lib\packets\packet.js:740:17)
    at ClientHandshake.execute (D:\university\npu\智汇就业\智汇就业_校赛提交材料_答辩顺序第11\提交文档\素材与源码\appv2\apps\backend\node_modules\mysql2\lib\commands\command.js:29:26)
    at PoolConnection.handlePacket (D:\university\npu\智汇就业\智汇就业_校赛提交材料_答辩顺序第11\提交文档\素材与源码\appv2\apps\backend\node_modules\mysql2\lib\base\connection.js:477:34)
    at PacketParser.onPacket (D:\university\npu\智汇就业\智汇就业_校赛提交材料_答辩顺序第11\提交文档\素材与源码\appv2\apps\backend\node_modules\mysql2\lib\base\connection.js:93:12)
    at PacketParser.executeStart (D:\university\npu\智汇就业\智汇就业_校赛提交材料_答辩顺序第11\提交文档\素材与源码\appv2\apps\backend\node_modules\mysql2\lib\packet_parser.js:75:16)
    at Socket.<anonymous> (D:\university\npu\智汇就业\智汇就业_校赛提交材料_答辩顺序第11\提交文档\素材与源码\appv2\apps\backend\node_modules\mysql2\lib\base\connection.js:100:25)
    at Socket.emit (node:events:508:28)
    at addChunk (node:internal/streams/readable:559:12)
    at readableAddChunkPushByteMode (node:internal/streams/readable:510:3)
    at Readable.push (node:internal/streams/readable:390:5)
[31m[Nest] 49884  - [39m2026/04/30 21:28:29 [31m  ERROR[39m [38;5;3m[TypeOrmModule] [39m[31mUnable to connect to the database. Retrying (7)...[39m
Error: Access denied for user 'root'@'124.115.173.163' (using password: YES)
    at Packet.asError (D:\university\npu\智汇就业\智汇就业_校赛提交材料_答辩顺序第11\提交文档\素材与源码\appv2\apps\backend\node_modules\mysql2\lib\packets\packet.js:740:17)
    at ClientHandshake.execute (D:\university\npu\智汇就业\智汇就业_校赛提交材料_答辩顺序第11\提交文档\素材与源码\appv2\apps\backend\node_modules\mysql2\lib\commands\command.js:29:26)
    at PoolConnection.handlePacket (D:\university\npu\智汇就业\智汇就业_校赛提交材料_答辩顺序第11\提交文档\素材与源码\appv2\apps\backend\node_modules\mysql2\lib\base\connection.js:477:34)
    at PacketParser.onPacket (D:\university\npu\智汇就业\智汇就业_校赛提交材料_答辩顺序第11\提交文档\素材与源码\appv2\apps\backend\node_modules\mysql2\lib\base\connection.js:93:12)
    at PacketParser.executeStart (D:\university\npu\智汇就业\智汇就业_校赛提交材料_答辩顺序第11\提交文档\素材与源码\appv2\apps\backend\node_modules\mysql2\lib\packet_parser.js:75:16)
    at Socket.<anonymous> (D:\university\npu\智汇就业\智汇就业_校赛提交材料_答辩顺序第11\提交文档\素材与源码\appv2\apps\backend\node_modules\mysql2\lib\base\connection.js:100:25)
    at Socket.emit (node:events:508:28)
    at addChunk (node:internal/streams/readable:559:12)
    at readableAddChunkPushByteMode (node:internal/streams/readable:510:3)
    at Readable.push (node:internal/streams/readable:390:5)
[31m[Nest] 49884  - [39m2026/04/30 21:28:32 [31m  ERROR[39m [38;5;3m[TypeOrmModule] [39m[31mUnable to connect to the database. Retrying (8)...[39m
Error: Access denied for user 'root'@'124.115.173.163' (using password: YES)
    at Packet.asError (D:\university\npu\智汇就业\智汇就业_校赛提交材料_答辩顺序第11\提交文档\素材与源码\appv2\apps\backend\node_modules\mysql2\lib\packets\packet.js:740:17)
    at ClientHandshake.execute (D:\university\npu\智汇就业\智汇就业_校赛提交材料_答辩顺序第11\提交文档\素材与源码\appv2\apps\backend\node_modules\mysql2\lib\commands\command.js:29:26)
    at PoolConnection.handlePacket (D:\university\npu\智汇就业\智汇就业_校赛提交材料_答辩顺序第11\提交文档\素材与源码\appv2\apps\backend\node_modules\mysql2\lib\base\connection.js:477:34)
    at PacketParser.onPacket (D:\university\npu\智汇就业\智汇就业_校赛提交材料_答辩顺序第11\提交文档\素材与源码\appv2\apps\backend\node_modules\mysql2\lib\base\connection.js:93:12)
    at PacketParser.executeStart (D:\university\npu\智汇就业\智汇就业_校赛提交材料_答辩顺序第11\提交文档\素材与源码\appv2\apps\backend\node_modules\mysql2\lib\packet_parser.js:75:16)
    at Socket.<anonymous> (D:\university\npu\智汇就业\智汇就业_校赛提交材料_答辩顺序第11\提交文档\素材与源码\appv2\apps\backend\node_modules\mysql2\lib\base\connection.js:100:25)
    at Socket.emit (node:events:508:28)
    at addChunk (node:internal/streams/readable:559:12)
    at readableAddChunkPushByteMode (node:internal/streams/readable:510:3)
    at Readable.push (node:internal/streams/readable:390:5)
[31m[Nest] 49884  - [39m2026/04/30 21:28:36 [31m  ERROR[39m [38;5;3m[TypeOrmModule] [39m[31mUnable to connect to the database. Retrying (9)...[39m
Error: Access denied for user 'root'@'124.115.173.163' (using password: YES)
    at Packet.asError (D:\university\npu\智汇就业\智汇就业_校赛提交材料_答辩顺序第11\提交文档\素材与源码\appv2\apps\backend\node_modules\mysql2\lib\packets\packet.js:740:17)
    at ClientHandshake.execute (D:\university\npu\智汇就业\智汇就业_校赛提交材料_答辩顺序第11\提交文档\素材与源码\appv2\apps\backend\node_modules\mysql2\lib\commands\command.js:29:26)
    at PoolConnection.handlePacket (D:\university\npu\智汇就业\智汇就业_校赛提交材料_答辩顺序第11\提交文档\素材与源码\appv2\apps\backend\node_modules\mysql2\lib\base\connection.js:477:34)
    at PacketParser.onPacket (D:\university\npu\智汇就业\智汇就业_校赛提交材料_答辩顺序第11\提交文档\素材与源码\appv2\apps\backend\node_modules\mysql2\lib\base\connection.js:93:12)
    at PacketParser.executeStart (D:\university\npu\智汇就业\智汇就业_校赛提交材料_答辩顺序第11\提交文档\素材与源码\appv2\apps\backend\node_modules\mysql2\lib\packet_parser.js:75:16)
    at Socket.<anonymous> (D:\university\npu\智汇就业\智汇就业_校赛提交材料_答辩顺序第11\提交文档\素材与源码\appv2\apps\backend\node_modules\mysql2\lib\base\connection.js:100:25)
    at Socket.emit (node:events:508:28)
    at addChunk (node:internal/streams/readable:559:12)
    at readableAddChunkPushByteMode (node:internal/streams/readable:510:3)
    at Readable.push (node:internal/streams/readable:390:5)
[31m[Nest] 49884  - [39m2026/04/30 21:28:36 [31m  ERROR[39m [38;5;3m[ExceptionHandler] [39m[31mAccess denied for user 'root'@'124.115.173.163' (using password: YES)[39m
Error: Access denied for user 'root'@'124.115.173.163' (using password: YES)
    at Packet.asError (D:\university\npu\智汇就业\智汇就业_校赛提交材料_答辩顺序第11\提交文档\素材与源码\appv2\apps\backend\node_modules\mysql2\lib\packets\packet.js:740:17)
    at ClientHandshake.execute (D:\university\npu\智汇就业\智汇就业_校赛提交材料_答辩顺序第11\提交文档\素材与源码\appv2\apps\backend\node_modules\mysql2\lib\commands\command.js:29:26)
    at PoolConnection.handlePacket (D:\university\npu\智汇就业\智汇就业_校赛提交材料_答辩顺序第11\提交文档\素材与源码\appv2\apps\backend\node_modules\mysql2\lib\base\connection.js:477:34)
    at PacketParser.onPacket (D:\university\npu\智汇就业\智汇就业_校赛提交材料_答辩顺序第11\提交文档\素材与源码\appv2\apps\backend\node_modules\mysql2\lib\base\connection.js:93:12)
    at PacketParser.executeStart (D:\university\npu\智汇就业\智汇就业_校赛提交材料_答辩顺序第11\提交文档\素材与源码\appv2\apps\backend\node_modules\mysql2\lib\packet_parser.js:75:16)
    at Socket.<anonymous> (D:\university\npu\智汇就业\智汇就业_校赛提交材料_答辩顺序第11\提交文档\素材与源码\appv2\apps\backend\node_modules\mysql2\lib\base\connection.js:100:25)
    at Socket.emit (node:events:508:28)
    at addChunk (node:internal/streams/readable:559:12)
    at readableAddChunkPushByteMode (node:internal/streams/readable:510:3)
    at Readable.push (node:internal/streams/readable:390:5)
